{
    "FASTQC_FASTQC - stub - wiring and output names": {
        "content": [
            {
                "0": [
                    [
                        {
                            "id": "test"
                        },
                        [
                            "test_R1_fastqc.html:md5,d41d8cd98f00b204e9800998ecf8427e",
                            "test_R2_fastqc.html:md5,d41d8cd98f00b204e9800998ecf8427e"
                        ]
                    ]
                ],
                "1": [
                    [
                        {
                            "id": "test"
                        },
                        [
                            "test_R1_fastqc.zip:md5,d41d8cd98f00b204e9800998ecf8427e",
                            "test_R2_fastqc.zip:md5,d41d8cd98f00b204e9800998ecf8427e"
                        ]
                    ]
                ],
                "2": [
                    [
                        "FASTQC_FASTQC",
                        [
                            "main.nf:md5,f94608954028e7c055d05aa594df0194",
                            "meta.yml:md5,47520bb8a59257fc9a4940d5e9d84abe",
                            [
                                "main.nf.test:md5,6764b0e018179da048e6331d61e14aa6"
                            ]
                        ],
                        ""
                    ]
                ],
                "html": [
                    [
                        {
                            "id": "test"
                        },
                        [
                            "test_R1_fastqc.html:md5,d41d8cd98f00b204e9800998ecf8427e",
                            "test_R2_fastqc.html:md5,d41d8cd98f00b204e9800998ecf8427e"
                        ]
                    ]
                ],
                "versions_fastqc": [
                    [
                        "FASTQC_FASTQC",
                        [
                            "main.nf:md5,f94608954028e7c055d05aa594df0194",
                            "meta.yml:md5,47520bb8a59257fc9a4940d5e9d84abe",
                            [
                                "main.nf.test:md5,6764b0e018179da048e6331d61e14aa6"
                            ]
                        ],
                        ""
                    ]
                ],
                "zip": [
                    [
                        {
                            "id": "test"
                        },
                        [
                            "test_R1_fastqc.zip:md5,d41d8cd98f00b204e9800998ecf8427e",
                            "test_R2_fastqc.zip:md5,d41d8cd98f00b204e9800998ecf8427e"
                        ]
                    ]
                ]
            }
        ],
        "meta": {
            "nf-test": "0.9.3",
            "nextflow": "26.04.6"
        },
        "timestamp": "2026-09-15T14:05:28.200994"
    }
}